{
    "todo": {
        "id": -1983034482,
        "name": "harum",
        "tag": "veniam"
    }
}
