{
    "id": 100,
    "name": "watering plants",
    "tag": "homework"
}
