{
    "todo": {
        "id": 101,
        "name": "prepare food",
        "tag": "homework"
    }
}
