{
    "todo": {
        "id": -9223372036854775807,
        "name": "string",
        "tag": "string"
    }
}
