1110010 1100101 1110000 1110010 1100101 1101000 1100101 1101110 1100100 1100101 1110010 1101001 1110100